2025-09-10 23:21:10,174 - INFO - Login attempt for testuser
2025-09-10 23:21:40,359 - INFO - Login attempt for testuser
2025-09-10 23:22:48,796 - INFO - Login attempt for testuser
2025-09-10 23:28:17,447 - INFO - Login attempt for testuser
2025-09-10 23:28:56,188 - INFO - Login attempt for testuser
2025-09-10 23:30:40,989 - INFO - Create conversation attempt for (2, 'Test User')
2025-09-10 23:31:48,123 - INFO - Create conversation attempt for (2, 'Test User')
2025-09-10 23:33:12,518 - INFO - Create conversation attempt for (2, 'Test User')
2025-09-10 23:34:51,294 - INFO - Register attempt for user
2025-09-10 23:35:05,815 - INFO - Create conversation attempt for (2, 'Test User')
2025-09-10 23:41:13,573 - INFO - Create conversation attempt for (2, 'Test User')
2025-09-10 23:42:10,294 - INFO - Get conversation attempt for (2, 'Test User')
2025-09-10 23:42:33,831 - INFO - Get message attempt for (2, 'Test User')
2025-09-10 23:42:49,654 - INFO - Send message attempt for (2, 'Test User')
2025-09-10 23:43:32,800 - INFO - Send message attempt for (2, 'Test User')
2025-09-10 23:43:44,577 - INFO - Get message attempt for (2, 'Test User')
2025-09-10 23:44:17,386 - INFO - Send message attempt for (2, 'Test User')
2025-09-10 23:44:22,623 - INFO - Get message attempt for (2, 'Test User')
2025-09-10 23:45:33,373 - INFO - Get message attempt for (2, 'Test User')
2025-09-10 23:49:27,908 - INFO - Update Last Read attempt for (2, 'Test User')
2025-09-10 23:51:54,007 - INFO - Update Last Read attempt for (2, 'Test User')
2025-09-10 23:52:16,803 - INFO - Logout attempt for (2, 'Test User')
2025-09-26 20:11:17,179 - INFO - Login attempt for test
2025-09-26 20:11:18,668 - INFO - Register attempt for test
2025-09-26 20:11:21,040 - INFO - Get conversation attempt for (4, 'test')
2025-09-26 20:11:40,712 - INFO - Create conversation attempt for (4, 'test')
2025-09-26 20:11:48,886 - INFO - Create conversation attempt for (4, 'test')
2025-09-26 20:39:51,209 - INFO - Create conversation attempt for (4, 'test')
2025-09-26 20:39:55,471 - INFO - Logout attempt for (4, 'test')
2025-09-26 20:39:56,663 - INFO - Logout attempt for (4, 'test')
2025-09-26 23:47:28,569 - INFO - Login attempt for test
2025-09-26 23:47:30,780 - INFO - Get conversation attempt for (4, 'test')
2025-09-26 23:47:51,943 - INFO - Logout attempt for (4, 'test')
2025-09-27 14:40:56,553 - INFO - Login attempt for test
2025-09-27 14:40:58,969 - INFO - Get conversation attempt for (4, 'test')
2025-09-27 14:47:56,879 - INFO - Login attempt for test
2025-09-27 14:48:06,843 - INFO - Login attempt for test
2025-09-27 14:48:12,320 - INFO - Login attempt for test
2025-09-27 14:48:14,371 - INFO - Get conversation attempt for (4, 'test')
2025-09-27 14:48:25,850 - INFO - Logout attempt for (4, 'test')
2025-09-27 15:17:11,786 - INFO - Login attempt for test
2025-09-27 15:17:13,886 - INFO - Get conversation attempt for (4, 'test')
2025-09-27 15:17:26,266 - INFO - Logout attempt for (4, 'test')
